[kvest.kwst.net/site/index.html]
[backblue.gif]
[fade.gif]
[index.html]
[kvest.kwst.net/site/css/plugins.css]
[kvest.kwst.net/site/css/style.css]
[kvest.kwst.net/site/images/favicon.ico]
[kvest.kwst.net/site/images/logo.png]
[kvest.kwst.net/site/index2.html]
[kvest.kwst.net/site/index3.html]
[kvest.kwst.net/site/index4.html]
[kvest.kwst.net/site/index5.html]
[kvest.kwst.net/site/index6.html]
[kvest.kwst.net/site/about.html]
[kvest.kwst.net/site/portfolio.html]
[kvest.kwst.net/site/portfolio2.html]
[kvest.kwst.net/site/portfolio3.html]
[kvest.kwst.net/site/portfolio4.html]
[kvest.kwst.net/site/portfolio-single.html]
[kvest.kwst.net/site/portfolio-single2.html]
[kvest.kwst.net/site/portfolio-single3.html]
[kvest.kwst.net/site/portfolio-single4.html]
[kvest.kwst.net/site/portfolio-single5.html]
[kvest.kwst.net/site/contacts.html]
[kvest.kwst.net/site/blog.html]
[kvest.kwst.net/site/images/bg/7.jpg]
[kvest.kwst.net/site/images/bg/12.jpg]
[kvest.kwst.net/site/images/bg/1.jpg]
[kvest.kwst.net/site/images/bg/10.jpg]
[kvest.kwst.net/site/js/jquery.min.js]
[kvest.kwst.net/site/js/scripts.js]
[kvest.kwst.net/site/index.html]
[kvest.kwst.net/site/css/reset.css]
[kvest.kwst.net/site/fonts/fontawesome-webfont3e6e.eot]
[kvest.kwst.net/site/js/plugins.js]
[kvest.kwst.net/site/fonts/fontawesome-webfontd41d.eot]
[kvest.kwst.net/site/fonts/fontawesome-webfont3e6e.woff2]
[kvest.kwst.net/site/fonts/fontawesome-webfont3e6e.woff]
[kvest.kwst.net/site/fonts/fontawesome-webfont3e6e.ttf]
[kvest.kwst.net/site/fonts/fontawesome-webfont3e6e.svg]
[kvest.kwst.net/site/fonts/lgd641.eot]
[kvest.kwst.net/site/fonts/lgd41d.eot]
[kvest.kwst.net/site/fonts/lgd641.woff]
[kvest.kwst.net/site/fonts/lgd641.ttf]
[kvest.kwst.net/site/fonts/lgd641.svg]
[kvest.kwst.net/site/images/loading.gif]
[kvest.kwst.net/site/css/plugins.css]
[kvest.kwst.net/site/images/pattern.png]
[kvest.kwst.net/site/images/pattern2.png]
[kvest.kwst.net/site/css/style.css]
[kvest.kwst.net/site/css/color.css]
[kvest.kwst.net/site/css/yourstyle.css]
[kvest.kwst.net/site/images/bg/9.jpg]
[kvest.kwst.net/site/images/bg/3.jpg]
[kvest.kwst.net/site/images/bg/4.jpg]
[kvest.kwst.net/site/images/bg/2.jpg]
[kvest.kwst.net/site/index2.html]
[kvest.kwst.net/site/images/bg/long/1.jpg]
[kvest.kwst.net/site/images/bg/long/2.jpg]
[kvest.kwst.net/site/images/bg/long/3.jpg]
[kvest.kwst.net/site/images/bg/long/6.jpg]
[kvest.kwst.net/site/index3.html]
[kvest.kwst.net/site/index4.html]
[kvest.kwst.net/site/index5.html]
[kvest.kwst.net/site/index6.html]
[kvest.kwst.net/site/images/about2.jpg]
[kvest.kwst.net/site/images/resume/1.jpg]
[kvest.kwst.net/site/images/folio/3.jpg]
[kvest.kwst.net/site/images/resume/2.jpg]
[kvest.kwst.net/site/images/services/1.jpg]
[kvest.kwst.net/site/images/services/2.jpg]
[kvest.kwst.net/site/images/services/3.jpg]
[kvest.kwst.net/site/images/services/4.jpg]
[kvest.kwst.net/site/images/testim/1.jpg]
[kvest.kwst.net/site/images/testim/2.jpg]
[kvest.kwst.net/site/images/testim/3.jpg]
[kvest.kwst.net/site/images/clients/1.png]
[kvest.kwst.net/site/images/clients/2.png]
[kvest.kwst.net/site/images/clients/3.png]
[kvest.kwst.net/site/images/clients/4.png]
[kvest.kwst.net/site/about.html]
[kvest.kwst.net/site/images/folio/1.jpg]
[kvest.kwst.net/site/images/folio/2.jpg]
[kvest.kwst.net/site/images/folio/19.jpg]
[kvest.kwst.net/site/images/folio/5.jpg]
[kvest.kwst.net/site/images/folio/6.jpg]
[kvest.kwst.net/site/images/folio/9.jpg]
[kvest.kwst.net/site/images/folio/8.jpg]
[kvest.kwst.net/site/images/folio/11.jpg]
[kvest.kwst.net/site/images/folio/7.jpg]
[kvest.kwst.net/site/images/folio/17.jpg]
[kvest.kwst.net/site/images/bg/6.jpg]
[kvest.kwst.net/site/portfolio.html]
[kvest.kwst.net/site/images/folio/12.jpg]
[kvest.kwst.net/site/images/folio/4.jpg]
[kvest.kwst.net/site/images/folio/10.jpg]
[kvest.kwst.net/site/images/folio/15.jpg]
[kvest.kwst.net/site/portfolio2.html]
[kvest.kwst.net/site/portfolio3.html]
[kvest.kwst.net/site/portfolio4.html]
[kvest.kwst.net/site/portfolio-single.html]
[kvest.kwst.net/site/portfolio-single2.html]
[kvest.kwst.net/site/portfolio-single3.html]
[kvest.kwst.net/site/images/bg/8.jpg]
[kvest.kwst.net/site/portfolio-single4.html]
[kvest.kwst.net/site/portfolio-single5.html]
[kvest.kwst.net/site/js/map.js]
[kvest.kwst.net/site/contacts.html]
[kvest.kwst.net/site/blog-single.html]
[kvest.kwst.net/site/images/bg/long/5.jpg]
[kvest.kwst.net/site/blog.html]
[kvest.kwst.net/site/fonts/fontawesome-webfont3e6e.svg]
[kvest.kwst.net/site/css/owl.video.play.html]
[kvest.kwst.net/site/fonts/lgd641.svg]
[kvest.kwst.net/site/img/vimeo-play.html]
[kvest.kwst.net/site/img/video-play.html]
[kvest.kwst.net/site/img/youtube-play.html]
[kvest.kwst.net/site/contact.html]
[kvest.kwst.net/site/images/author.jpg]
[kvest.kwst.net/site/images/blog/users/1.jpg]
[kvest.kwst.net/site/images/blog/users/2.jpg]
[kvest.kwst.net/site/blog-single.html]
